// Jest Snapshot v1, https://goo.gl/fbAQLP

exports[`LastStops Component it should always render correctly 1`] = `null`;

exports[`LastStops Component with props should render correctly 1`] = `
<div
  className="LastStopsContainer"
>
  <ul
    className="list-inline"
  >
    <li
      className="list-inline-item"
    >
      <button
        className="btn btn-outline-secondary btn-sm"
        onClick={[Function]}
      >
        Pl채rrer (N체rnberg)
      </button>
    </li>
    <li
      className="list-inline-item"
    >
      <button
        className="btn btn-outline-secondary btn-sm"
        onClick={[Function]}
      >
        Hauptbahnhof (N체rnberg)
      </button>
    </li>
    <li
      className="list-inline-item"
    >
      <button
        className="btn btn-outline-secondary btn-sm"
        onClick={[Function]}
      >
        Bauernfeindstr. (N체rnberg)
      </button>
    </li>
  </ul>
</div>
`;
