// Jest Snapshot v1, https://goo.gl/fbAQLP

exports[`FormLoadingSpinner renders correctly 1`] = `
<i
  className="fa fa-spinner fa-pulse"
  id="loadingSpinner"
/>
`;
